

================================================================
== Vitis HLS Report for 'convolution1_hls_Pipeline_VITIS_LOOP_26_3_VITIS_LOOP_27_4_VITIS_LOOP_28_5'
================================================================
* Date:           Fri Dec 13 17:10:09 2024

* Version:        2023.2 (Build 4023990 on Oct 11 2023)
* Project:        lenet_conv1
* Solution:       solution1 (Vivado IP Flow Target)
* Product family: zynquplus
* Target device:  xck26-sfvc784-2LV-c


================================================================
== Performance Estimates
================================================================
+ Timing: 
    * Summary: 
    +--------+----------+----------+------------+
    |  Clock |  Target  | Estimated| Uncertainty|
    +--------+----------+----------+------------+
    |ap_clk  |  10.00 ns|  7.300 ns|     2.70 ns|
    +--------+----------+----------+------------+

+ Latency: 
    * Summary: 
    +---------+---------+----------+----------+-----+-----+---------+
    |  Latency (cycles) |  Latency (absolute) |  Interval | Pipeline|
    |   min   |   max   |    min   |    max   | min | max |   Type  |
    +---------+---------+----------+----------+-----+-----+---------+
    |      153|      153|  1.530 us|  1.530 us|  153|  153|       no|
    +---------+---------+----------+----------+-----+-----+---------+

    + Detail: 
        * Instance: 
        N/A

        * Loop: 
        +---------------------------------------------------+---------+---------+----------+-----------+-----------+------+----------+
        |                                                   |  Latency (cycles) | Iteration|  Initiation Interval  | Trip |          |
        |                     Loop Name                     |   min   |   max   |  Latency |  achieved |   target  | Count| Pipelined|
        +---------------------------------------------------+---------+---------+----------+-----------+-----------+------+----------+
        |- VITIS_LOOP_26_3_VITIS_LOOP_27_4_VITIS_LOOP_28_5  |      151|      151|         3|          1|          1|   150|       yes|
        +---------------------------------------------------+---------+---------+----------+-----------+-----------+------+----------+



================================================================
== Utilization Estimates
================================================================
* Summary: 
+-----------------+---------+------+--------+--------+-----+
|       Name      | BRAM_18K|  DSP |   FF   |   LUT  | URAM|
+-----------------+---------+------+--------+--------+-----+
|DSP              |        -|     -|       -|       -|    -|
|Expression       |        -|     -|       0|     188|    -|
|FIFO             |        -|     -|       -|       -|    -|
|Instance         |        -|     -|       -|       -|    -|
|Memory           |        -|     -|       -|       -|    -|
|Multiplexer      |        -|     -|       -|      81|    -|
|Register         |        -|     -|      60|       -|    -|
+-----------------+---------+------+--------+--------+-----+
|Total            |        0|     0|      60|     269|    0|
+-----------------+---------+------+--------+--------+-----+
|Available        |      288|  1248|  234240|  117120|   64|
+-----------------+---------+------+--------+--------+-----+
|Utilization (%)  |        0|     0|      ~0|      ~0|    0|
+-----------------+---------+------+--------+--------+-----+

+ Detail: 
    * Instance: 
    N/A

    * DSP: 
    N/A

    * Memory: 
    N/A

    * FIFO: 
    N/A

    * Expression: 
    +---------------------------+----------+----+---+----+------------+------------+
    |       Variable Name       | Operation| DSP| FF| LUT| Bitwidth P0| Bitwidth P1|
    +---------------------------+----------+----+---+----+------------+------------+
    |add_ln26_1_fu_152_p2       |         +|   0|  0|  15|           8|           1|
    |add_ln26_fu_181_p2         |         +|   0|  0|  10|           3|           1|
    |add_ln27_1_fu_330_p2       |         +|   0|  0|  13|           6|           1|
    |add_ln27_fu_227_p2         |         +|   0|  0|  10|           3|           1|
    |add_ln28_fu_324_p2         |         +|   0|  0|  10|           3|           1|
    |add_ln30_1_fu_281_p2       |         +|   0|  0|  13|           6|           6|
    |add_ln30_2_fu_299_p2       |         +|   0|  0|  19|           8|           8|
    |add_ln30_3_fu_309_p2       |         +|   0|  0|  19|           8|           8|
    |add_ln30_fu_271_p2         |         +|   0|  0|  13|           6|           6|
    |and_ln26_fu_213_p2         |       and|   0|  0|   2|           1|           1|
    |ap_block_pp0_stage0_11001  |       and|   0|  0|   2|           1|           1|
    |icmp_ln26_fu_146_p2        |      icmp|   0|  0|  15|           8|           8|
    |icmp_ln27_fu_187_p2        |      icmp|   0|  0|  13|           6|           5|
    |icmp_ln28_fu_207_p2        |      icmp|   0|  0|  10|           3|           3|
    |or_ln27_fu_233_p2          |        or|   0|  0|   2|           1|           1|
    |select_ln26_1_fu_219_p3    |    select|   0|  0|   3|           1|           3|
    |select_ln26_fu_193_p3      |    select|   0|  0|   3|           1|           1|
    |select_ln27_1_fu_247_p3    |    select|   0|  0|   3|           1|           3|
    |select_ln27_2_fu_336_p3    |    select|   0|  0|   6|           1|           1|
    |select_ln27_fu_239_p3      |    select|   0|  0|   3|           1|           1|
    |ap_enable_pp0              |       xor|   0|  0|   2|           1|           2|
    |xor_ln26_fu_201_p2         |       xor|   0|  0|   2|           1|           2|
    +---------------------------+----------+----+---+----+------------+------------+
    |Total                      |          |   0|  0| 188|          78|          65|
    +---------------------------+----------+----+---+----+------------+------------+

    * Multiplexer: 
    +----------------------------------------+----+-----------+-----+-----------+
    |                  Name                  | LUT| Input Size| Bits| Total Bits|
    +----------------------------------------+----+-----------+-----+-----------+
    |WEIGHTS_blk_n_R                         |   9|          2|    1|          2|
    |ap_done_int                             |   9|          2|    1|          2|
    |ap_enable_reg_pp0_iter1                 |   9|          2|    1|          2|
    |ap_sig_allocacmp_indvar_flatten19_load  |   9|          2|    8|         16|
    |co_fu_82                                |   9|          2|    3|          6|
    |indvar_flatten19_fu_86                  |   9|          2|    8|         16|
    |indvar_flatten6_fu_78                   |   9|          2|    6|         12|
    |kh_fu_74                                |   9|          2|    3|          6|
    |kw_fu_70                                |   9|          2|    3|          6|
    +----------------------------------------+----+-----------+-----+-----------+
    |Total                                   |  81|         18|   34|         68|
    +----------------------------------------+----+-----------+-----+-----------+

    * Register: 
    +----------------------------------+----+----+-----+-----------+
    |               Name               | FF | LUT| Bits| Const Bits|
    +----------------------------------+----+----+-----+-----------+
    |WEIGHTS_addr_read_reg_408         |  32|   0|   32|          0|
    |ap_CS_fsm                         |   1|   0|    1|          0|
    |ap_done_reg                       |   1|   0|    1|          0|
    |ap_enable_reg_pp0_iter1           |   1|   0|    1|          0|
    |ap_enable_reg_pp0_iter2           |   1|   0|    1|          0|
    |ap_loop_exit_ready_pp0_iter1_reg  |   1|   0|    1|          0|
    |co_fu_82                          |   3|   0|    3|          0|
    |indvar_flatten19_fu_86            |   8|   0|    8|          0|
    |indvar_flatten6_fu_78             |   6|   0|    6|          0|
    |kh_fu_74                          |   3|   0|    3|          0|
    |kw_fu_70                          |   3|   0|    3|          0|
    +----------------------------------+----+----+-----+-----------+
    |Total                             |  60|   0|   60|          0|
    +----------------------------------+----+----+-----+-----------+



================================================================
== Interface
================================================================
* Summary: 
+------------------------+-----+-----+------------+---------------------------------------------------------------------------+--------------+
|        RTL Ports       | Dir | Bits|  Protocol  |                               Source Object                               |    C Type    |
+------------------------+-----+-----+------------+---------------------------------------------------------------------------+--------------+
|ap_clk                  |   in|    1|  ap_ctrl_hs|  convolution1_hls_Pipeline_VITIS_LOOP_26_3_VITIS_LOOP_27_4_VITIS_LOOP_28_5|  return value|
|ap_rst                  |   in|    1|  ap_ctrl_hs|  convolution1_hls_Pipeline_VITIS_LOOP_26_3_VITIS_LOOP_27_4_VITIS_LOOP_28_5|  return value|
|ap_start                |   in|    1|  ap_ctrl_hs|  convolution1_hls_Pipeline_VITIS_LOOP_26_3_VITIS_LOOP_27_4_VITIS_LOOP_28_5|  return value|
|ap_done                 |  out|    1|  ap_ctrl_hs|  convolution1_hls_Pipeline_VITIS_LOOP_26_3_VITIS_LOOP_27_4_VITIS_LOOP_28_5|  return value|
|ap_idle                 |  out|    1|  ap_ctrl_hs|  convolution1_hls_Pipeline_VITIS_LOOP_26_3_VITIS_LOOP_27_4_VITIS_LOOP_28_5|  return value|
|ap_ready                |  out|    1|  ap_ctrl_hs|  convolution1_hls_Pipeline_VITIS_LOOP_26_3_VITIS_LOOP_27_4_VITIS_LOOP_28_5|  return value|
|m_axi_WEIGHTS_AWVALID   |  out|    1|       m_axi|                                                                    WEIGHTS|       pointer|
|m_axi_WEIGHTS_AWREADY   |   in|    1|       m_axi|                                                                    WEIGHTS|       pointer|
|m_axi_WEIGHTS_AWADDR    |  out|   64|       m_axi|                                                                    WEIGHTS|       pointer|
|m_axi_WEIGHTS_AWID      |  out|    1|       m_axi|                                                                    WEIGHTS|       pointer|
|m_axi_WEIGHTS_AWLEN     |  out|   32|       m_axi|                                                                    WEIGHTS|       pointer|
|m_axi_WEIGHTS_AWSIZE    |  out|    3|       m_axi|                                                                    WEIGHTS|       pointer|
|m_axi_WEIGHTS_AWBURST   |  out|    2|       m_axi|                                                                    WEIGHTS|       pointer|
|m_axi_WEIGHTS_AWLOCK    |  out|    2|       m_axi|                                                                    WEIGHTS|       pointer|
|m_axi_WEIGHTS_AWCACHE   |  out|    4|       m_axi|                                                                    WEIGHTS|       pointer|
|m_axi_WEIGHTS_AWPROT    |  out|    3|       m_axi|                                                                    WEIGHTS|       pointer|
|m_axi_WEIGHTS_AWQOS     |  out|    4|       m_axi|                                                                    WEIGHTS|       pointer|
|m_axi_WEIGHTS_AWREGION  |  out|    4|       m_axi|                                                                    WEIGHTS|       pointer|
|m_axi_WEIGHTS_AWUSER    |  out|    1|       m_axi|                                                                    WEIGHTS|       pointer|
|m_axi_WEIGHTS_WVALID    |  out|    1|       m_axi|                                                                    WEIGHTS|       pointer|
|m_axi_WEIGHTS_WREADY    |   in|    1|       m_axi|                                                                    WEIGHTS|       pointer|
|m_axi_WEIGHTS_WDATA     |  out|   32|       m_axi|                                                                    WEIGHTS|       pointer|
|m_axi_WEIGHTS_WSTRB     |  out|    4|       m_axi|                                                                    WEIGHTS|       pointer|
|m_axi_WEIGHTS_WLAST     |  out|    1|       m_axi|                                                                    WEIGHTS|       pointer|
|m_axi_WEIGHTS_WID       |  out|    1|       m_axi|                                                                    WEIGHTS|       pointer|
|m_axi_WEIGHTS_WUSER     |  out|    1|       m_axi|                                                                    WEIGHTS|       pointer|
|m_axi_WEIGHTS_ARVALID   |  out|    1|       m_axi|                                                                    WEIGHTS|       pointer|
|m_axi_WEIGHTS_ARREADY   |   in|    1|       m_axi|                                                                    WEIGHTS|       pointer|
|m_axi_WEIGHTS_ARADDR    |  out|   64|       m_axi|                                                                    WEIGHTS|       pointer|
|m_axi_WEIGHTS_ARID      |  out|    1|       m_axi|                                                                    WEIGHTS|       pointer|
|m_axi_WEIGHTS_ARLEN     |  out|   32|       m_axi|                                                                    WEIGHTS|       pointer|
|m_axi_WEIGHTS_ARSIZE    |  out|    3|       m_axi|                                                                    WEIGHTS|       pointer|
|m_axi_WEIGHTS_ARBURST   |  out|    2|       m_axi|                                                                    WEIGHTS|       pointer|
|m_axi_WEIGHTS_ARLOCK    |  out|    2|       m_axi|                                                                    WEIGHTS|       pointer|
|m_axi_WEIGHTS_ARCACHE   |  out|    4|       m_axi|                                                                    WEIGHTS|       pointer|
|m_axi_WEIGHTS_ARPROT    |  out|    3|       m_axi|                                                                    WEIGHTS|       pointer|
|m_axi_WEIGHTS_ARQOS     |  out|    4|       m_axi|                                                                    WEIGHTS|       pointer|
|m_axi_WEIGHTS_ARREGION  |  out|    4|       m_axi|                                                                    WEIGHTS|       pointer|
|m_axi_WEIGHTS_ARUSER    |  out|    1|       m_axi|                                                                    WEIGHTS|       pointer|
|m_axi_WEIGHTS_RVALID    |   in|    1|       m_axi|                                                                    WEIGHTS|       pointer|
|m_axi_WEIGHTS_RREADY    |  out|    1|       m_axi|                                                                    WEIGHTS|       pointer|
|m_axi_WEIGHTS_RDATA     |   in|   32|       m_axi|                                                                    WEIGHTS|       pointer|
|m_axi_WEIGHTS_RLAST     |   in|    1|       m_axi|                                                                    WEIGHTS|       pointer|
|m_axi_WEIGHTS_RID       |   in|    1|       m_axi|                                                                    WEIGHTS|       pointer|
|m_axi_WEIGHTS_RFIFONUM  |   in|    9|       m_axi|                                                                    WEIGHTS|       pointer|
|m_axi_WEIGHTS_RUSER     |   in|    1|       m_axi|                                                                    WEIGHTS|       pointer|
|m_axi_WEIGHTS_RRESP     |   in|    2|       m_axi|                                                                    WEIGHTS|       pointer|
|m_axi_WEIGHTS_BVALID    |   in|    1|       m_axi|                                                                    WEIGHTS|       pointer|
|m_axi_WEIGHTS_BREADY    |  out|    1|       m_axi|                                                                    WEIGHTS|       pointer|
|m_axi_WEIGHTS_BRESP     |   in|    2|       m_axi|                                                                    WEIGHTS|       pointer|
|m_axi_WEIGHTS_BID       |   in|    1|       m_axi|                                                                    WEIGHTS|       pointer|
|m_axi_WEIGHTS_BUSER     |   in|    1|       m_axi|                                                                    WEIGHTS|       pointer|
|sext_ln26               |   in|   62|     ap_none|                                                                  sext_ln26|        scalar|
|local_weights_address0  |  out|    8|   ap_memory|                                                              local_weights|         array|
|local_weights_ce0       |  out|    1|   ap_memory|                                                              local_weights|         array|
|local_weights_we0       |  out|    1|   ap_memory|                                                              local_weights|         array|
|local_weights_d0        |  out|   32|   ap_memory|                                                              local_weights|         array|
+------------------------+-----+-----+------------+---------------------------------------------------------------------------+--------------+

