================================================================
== Design Size Report
================================================================

* Total Instructions per Compilation Phase
+---------------+-----------------------------+--------------+----------------------------------------------------------------------------------------+
| Phase         | Step                        | Instructions | Description                                                                            |
+---------------+-----------------------------+--------------+----------------------------------------------------------------------------------------+
| Compile/Link  |                             |    82        | After all functions are compiled and linked into a single design                       |
|               |                             |              |                                                                                        |
| Unroll/Inline |                             |              | After user unroll and inline pragmas are applied                                       |
|               | (1) unroll                  | 9,446        | user unroll pragmas are applied                                                        |
|               | (2) simplification          | 3,752        | simplification of applied user unroll pragmas                                          |
|               | (3) inline                  | 3,744        | user inline pragmas are applied                                                        |
|               | (4) simplification          | 3,744        | simplification of applied user inline pragmas                                          |
|               |                             |              |                                                                                        |
| Array/Struct  |                             |              | After user array partition and struct aggregate/disaggregate pragmas are applied       |
|               | (1) array partition         | 3,748        | user array partition pragmas are applied                                               |
|               | (2) simplification          | 3,748        | simplification of applied user array partition & struct aggregate/disaggregate pragmas |
|               | (3) aggregate/disaggregate  | 3,748        | user struct aggregate/disaggregate pragmas are applied                                 |
|               | (4) array reshape           | 3,748        | apply array reshape pragmas                                                            |
|               | (5) access patterns         | 3,390        | array access pattern optmizations                                                      |
|               |                             |              |                                                                                        |
| Performance   |                             |              | After transformations are applied to meet performance pragma targets                   |
|               | (1) loop simplification     | 3,390        | loop and instruction simplification                                                    |
|               | (2) parallelization         | 3,390        | loops are unrolled or pipelined to meet performance targets                            |
|               | (3) array partition         | 3,390        | arrays are partitioned to meet performance targets                                     |
|               | (4) simplification          | 3,390        | simplification of design after performance transformations                             |
|               |                             |              |                                                                                        |
| HW Transforms |                             |              | After hardware transfomations                                                          |
|               | (1) lowering                | 3,846        | initial conversion to HW specific instructions                                         |
|               | (2) optimizations           | 3,798        | high level synthesis optimizations                                                     |
+---------------+-----------------------------+--------------+----------------------------------------------------------------------------------------+

* Instructions per Function for each Compilation Phase
+--------------------+------------------------+--------------+---------------+--------------+-------------+---------------+
| Function           | Location               | Compile/Link | Unroll/Inline | Array/Struct | Performance | HW Transforms |
+--------------------+------------------------+--------------+---------------+--------------+-------------+---------------+
|   convolution1_hls | letnet_conv1_hls.cpp:5 | 82           | 3,744         | 3,390        | 3,390       | 3,798         |
+--------------------+------------------------+--------------+---------------+--------------+-------------+---------------+

* Design Size Message Settings
+---------------------------------------------+--------+------------------------------------------------------------------+
| Message Setting                             | Value  | Description                                                      |
+---------------------------------------------+--------+------------------------------------------------------------------+
| config_compile -design_size_maximum_warning | 100000 | Show a warning when total design instructions exceeds this value |
+---------------------------------------------+--------+------------------------------------------------------------------+


