

================================================================
== Vitis HLS Report for 'matmul_optimized_Pipeline_VITIS_LOOP_25_1_VITIS_LOOP_26_2'
================================================================
* Date:           Sun Nov  3 23:06:22 2024

* Version:        2023.1 (Build 3854077 on May  4 2023)
* Project:        Matmul_op_ver2
* Solution:       solution1 (Vivado IP Flow Target)
* Product family: zynquplus
* Target device:  xck26-sfvc784-2LV-c


================================================================
== Performance Estimates
================================================================
+ Timing: 
    * Summary: 
    +--------+----------+----------+------------+
    |  Clock |  Target  | Estimated| Uncertainty|
    +--------+----------+----------+------------+
    |ap_clk  |  10.00 ns|  7.300 ns|     2.70 ns|
    +--------+----------+----------+------------+

+ Latency: 
    * Summary: 
    +---------+---------+----------+----------+-----+-----+---------+
    |  Latency (cycles) |  Latency (absolute) |  Interval | Pipeline|
    |   min   |   max   |    min   |    max   | min | max |   Type  |
    +---------+---------+----------+----------+-----+-----+---------+
    |      259|      259|  2.590 us|  2.590 us|  259|  259|       no|
    +---------+---------+----------+----------+-----+-----+---------+

    + Detail: 
        * Instance: 
        N/A

        * Loop: 
        +-----------------------------------+---------+---------+----------+-----------+-----------+------+----------+
        |                                   |  Latency (cycles) | Iteration|  Initiation Interval  | Trip |          |
        |             Loop Name             |   min   |   max   |  Latency |  achieved |   target  | Count| Pipelined|
        +-----------------------------------+---------+---------+----------+-----------+-----------+------+----------+
        |- VITIS_LOOP_25_1_VITIS_LOOP_26_2  |      257|      257|         3|          1|          1|   256|       yes|
        +-----------------------------------+---------+---------+----------+-----------+-----------+------+----------+



================================================================
== Utilization Estimates
================================================================
* Summary: 
+-----------------+---------+------+--------+--------+-----+
|       Name      | BRAM_18K|  DSP |   FF   |   LUT  | URAM|
+-----------------+---------+------+--------+--------+-----+
|DSP              |        -|     -|       -|       -|    -|
|Expression       |        -|     -|       0|      86|    -|
|FIFO             |        -|     -|       -|       -|    -|
|Instance         |        -|     -|       -|       -|    -|
|Memory           |        -|     -|       -|       -|    -|
|Multiplexer      |        -|     -|       -|      90|    -|
|Register         |        -|     -|     125|       -|    -|
+-----------------+---------+------+--------+--------+-----+
|Total            |        0|     0|     125|     176|    0|
+-----------------+---------+------+--------+--------+-----+
|Available        |      288|  1248|  234240|  117120|   64|
+-----------------+---------+------+--------+--------+-----+
|Utilization (%)  |        0|     0|      ~0|      ~0|    0|
+-----------------+---------+------+--------+--------+-----+

+ Detail: 
    * Instance: 
    N/A

    * DSP: 
    N/A

    * Memory: 
    N/A

    * FIFO: 
    N/A

    * Expression: 
    +----------------------------------+----------+----+---+----+------------+------------+
    |           Variable Name          | Operation| DSP| FF| LUT| Bitwidth P0| Bitwidth P1|
    +----------------------------------+----------+----+---+----+------------+------------+
    |add_ln25_1_fu_924_p2              |         +|   0|  0|  12|           5|           1|
    |add_ln25_fu_898_p2                |         +|   0|  0|  16|           9|           1|
    |add_ln26_fu_966_p2                |         +|   0|  0|  12|           5|           1|
    |ap_block_pp0_stage0_11001         |       and|   0|  0|   2|           1|           1|
    |icmp_ln25_fu_892_p2               |      icmp|   0|  0|  17|           9|          10|
    |icmp_ln26_fu_910_p2               |      icmp|   0|  0|  13|           5|           6|
    |ap_block_state2_pp0_stage0_iter1  |        or|   0|  0|   2|           1|           1|
    |select_ln25_1_fu_930_p3           |    select|   0|  0|   5|           1|           5|
    |select_ln25_fu_916_p3             |    select|   0|  0|   5|           1|           1|
    |ap_enable_pp0                     |       xor|   0|  0|   2|           1|           2|
    +----------------------------------+----------+----+---+----+------------+------------+
    |Total                             |          |   0|  0|  86|          38|          29|
    +----------------------------------+----------+----+---+----+------------+------------+

    * Multiplexer: 
    +--------------------------------------+----+-----------+-----+-----------+
    |                 Name                 | LUT| Input Size| Bits| Total Bits|
    +--------------------------------------+----+-----------+-----+-----------+
    |ap_done_int                           |   9|          2|    1|          2|
    |ap_enable_reg_pp0_iter2               |   9|          2|    1|          2|
    |ap_sig_allocacmp_i_load               |   9|          2|    5|         10|
    |ap_sig_allocacmp_indvar_flatten_load  |   9|          2|    9|         18|
    |ap_sig_allocacmp_j_load               |   9|          2|    5|         10|
    |dataA_blk_n_R                         |   9|          2|    1|          2|
    |dataB_blk_n_R                         |   9|          2|    1|          2|
    |i_fu_196                              |   9|          2|    5|         10|
    |indvar_flatten_fu_200                 |   9|          2|    9|         18|
    |j_fu_192                              |   9|          2|    5|         10|
    +--------------------------------------+----+-----------+-----+-----------+
    |Total                                 |  90|         20|   42|         84|
    +--------------------------------------+----+-----------+-----+-----------+

    * Register: 
    +------------------------------------+----+----+-----+-----------+
    |                Name                | FF | LUT| Bits| Const Bits|
    +------------------------------------+----+----+-----+-----------+
    |ap_CS_fsm                           |   1|   0|    1|          0|
    |ap_done_reg                         |   1|   0|    1|          0|
    |ap_enable_reg_pp0_iter1             |   1|   0|    1|          0|
    |ap_enable_reg_pp0_iter2             |   1|   0|    1|          0|
    |ap_loop_exit_ready_pp0_iter1_reg    |   1|   0|    1|          0|
    |bitcast_ln27_reg_1109               |  32|   0|   32|          0|
    |dataB_addr_read_reg_1129            |  32|   0|   32|          0|
    |i_fu_196                            |   5|   0|    5|          0|
    |icmp_ln25_reg_1072                  |   1|   0|    1|          0|
    |indvar_flatten_fu_200               |   9|   0|    9|          0|
    |j_fu_192                            |   5|   0|    5|          0|
    |select_ln25_reg_1076                |   5|   0|    5|          0|
    |select_ln25_reg_1076_pp0_iter1_reg  |   5|   0|    5|          0|
    |trunc_ln25_reg_1101                 |   4|   0|    4|          0|
    |trunc_ln25_reg_1101_pp0_iter1_reg   |   4|   0|    4|          0|
    |trunc_ln26_reg_1105                 |   4|   0|    4|          0|
    |trunc_ln26_reg_1105_pp0_iter1_reg   |   4|   0|    4|          0|
    |zext_ln25_reg_1081                  |   5|   0|   64|         59|
    |zext_ln25_reg_1081_pp0_iter1_reg    |   5|   0|   64|         59|
    +------------------------------------+----+----+-----+-----------+
    |Total                               | 125|   0|  243|        118|
    +------------------------------------+----+----+-----+-----------+



================================================================
== Interface
================================================================
* Summary: 
+----------------------+-----+-----+------------+-----------------------------------------------------------+--------------+
|       RTL Ports      | Dir | Bits|  Protocol  |                       Source Object                       |    C Type    |
+----------------------+-----+-----+------------+-----------------------------------------------------------+--------------+
|ap_clk                |   in|    1|  ap_ctrl_hs|  matmul_optimized_Pipeline_VITIS_LOOP_25_1_VITIS_LOOP_26_2|  return value|
|ap_rst                |   in|    1|  ap_ctrl_hs|  matmul_optimized_Pipeline_VITIS_LOOP_25_1_VITIS_LOOP_26_2|  return value|
|ap_start              |   in|    1|  ap_ctrl_hs|  matmul_optimized_Pipeline_VITIS_LOOP_25_1_VITIS_LOOP_26_2|  return value|
|ap_done               |  out|    1|  ap_ctrl_hs|  matmul_optimized_Pipeline_VITIS_LOOP_25_1_VITIS_LOOP_26_2|  return value|
|ap_idle               |  out|    1|  ap_ctrl_hs|  matmul_optimized_Pipeline_VITIS_LOOP_25_1_VITIS_LOOP_26_2|  return value|
|ap_ready              |  out|    1|  ap_ctrl_hs|  matmul_optimized_Pipeline_VITIS_LOOP_25_1_VITIS_LOOP_26_2|  return value|
|m_axi_dataA_AWVALID   |  out|    1|       m_axi|                                                      dataA|       pointer|
|m_axi_dataA_AWREADY   |   in|    1|       m_axi|                                                      dataA|       pointer|
|m_axi_dataA_AWADDR    |  out|   64|       m_axi|                                                      dataA|       pointer|
|m_axi_dataA_AWID      |  out|    1|       m_axi|                                                      dataA|       pointer|
|m_axi_dataA_AWLEN     |  out|   32|       m_axi|                                                      dataA|       pointer|
|m_axi_dataA_AWSIZE    |  out|    3|       m_axi|                                                      dataA|       pointer|
|m_axi_dataA_AWBURST   |  out|    2|       m_axi|                                                      dataA|       pointer|
|m_axi_dataA_AWLOCK    |  out|    2|       m_axi|                                                      dataA|       pointer|
|m_axi_dataA_AWCACHE   |  out|    4|       m_axi|                                                      dataA|       pointer|
|m_axi_dataA_AWPROT    |  out|    3|       m_axi|                                                      dataA|       pointer|
|m_axi_dataA_AWQOS     |  out|    4|       m_axi|                                                      dataA|       pointer|
|m_axi_dataA_AWREGION  |  out|    4|       m_axi|                                                      dataA|       pointer|
|m_axi_dataA_AWUSER    |  out|    1|       m_axi|                                                      dataA|       pointer|
|m_axi_dataA_WVALID    |  out|    1|       m_axi|                                                      dataA|       pointer|
|m_axi_dataA_WREADY    |   in|    1|       m_axi|                                                      dataA|       pointer|
|m_axi_dataA_WDATA     |  out|   32|       m_axi|                                                      dataA|       pointer|
|m_axi_dataA_WSTRB     |  out|    4|       m_axi|                                                      dataA|       pointer|
|m_axi_dataA_WLAST     |  out|    1|       m_axi|                                                      dataA|       pointer|
|m_axi_dataA_WID       |  out|    1|       m_axi|                                                      dataA|       pointer|
|m_axi_dataA_WUSER     |  out|    1|       m_axi|                                                      dataA|       pointer|
|m_axi_dataA_ARVALID   |  out|    1|       m_axi|                                                      dataA|       pointer|
|m_axi_dataA_ARREADY   |   in|    1|       m_axi|                                                      dataA|       pointer|
|m_axi_dataA_ARADDR    |  out|   64|       m_axi|                                                      dataA|       pointer|
|m_axi_dataA_ARID      |  out|    1|       m_axi|                                                      dataA|       pointer|
|m_axi_dataA_ARLEN     |  out|   32|       m_axi|                                                      dataA|       pointer|
|m_axi_dataA_ARSIZE    |  out|    3|       m_axi|                                                      dataA|       pointer|
|m_axi_dataA_ARBURST   |  out|    2|       m_axi|                                                      dataA|       pointer|
|m_axi_dataA_ARLOCK    |  out|    2|       m_axi|                                                      dataA|       pointer|
|m_axi_dataA_ARCACHE   |  out|    4|       m_axi|                                                      dataA|       pointer|
|m_axi_dataA_ARPROT    |  out|    3|       m_axi|                                                      dataA|       pointer|
|m_axi_dataA_ARQOS     |  out|    4|       m_axi|                                                      dataA|       pointer|
|m_axi_dataA_ARREGION  |  out|    4|       m_axi|                                                      dataA|       pointer|
|m_axi_dataA_ARUSER    |  out|    1|       m_axi|                                                      dataA|       pointer|
|m_axi_dataA_RVALID    |   in|    1|       m_axi|                                                      dataA|       pointer|
|m_axi_dataA_RREADY    |  out|    1|       m_axi|                                                      dataA|       pointer|
|m_axi_dataA_RDATA     |   in|   32|       m_axi|                                                      dataA|       pointer|
|m_axi_dataA_RLAST     |   in|    1|       m_axi|                                                      dataA|       pointer|
|m_axi_dataA_RID       |   in|    1|       m_axi|                                                      dataA|       pointer|
|m_axi_dataA_RFIFONUM  |   in|    9|       m_axi|                                                      dataA|       pointer|
|m_axi_dataA_RUSER     |   in|    1|       m_axi|                                                      dataA|       pointer|
|m_axi_dataA_RRESP     |   in|    2|       m_axi|                                                      dataA|       pointer|
|m_axi_dataA_BVALID    |   in|    1|       m_axi|                                                      dataA|       pointer|
|m_axi_dataA_BREADY    |  out|    1|       m_axi|                                                      dataA|       pointer|
|m_axi_dataA_BRESP     |   in|    2|       m_axi|                                                      dataA|       pointer|
|m_axi_dataA_BID       |   in|    1|       m_axi|                                                      dataA|       pointer|
|m_axi_dataA_BUSER     |   in|    1|       m_axi|                                                      dataA|       pointer|
|m_axi_dataB_AWVALID   |  out|    1|       m_axi|                                                      dataB|       pointer|
|m_axi_dataB_AWREADY   |   in|    1|       m_axi|                                                      dataB|       pointer|
|m_axi_dataB_AWADDR    |  out|   64|       m_axi|                                                      dataB|       pointer|
|m_axi_dataB_AWID      |  out|    1|       m_axi|                                                      dataB|       pointer|
|m_axi_dataB_AWLEN     |  out|   32|       m_axi|                                                      dataB|       pointer|
|m_axi_dataB_AWSIZE    |  out|    3|       m_axi|                                                      dataB|       pointer|
|m_axi_dataB_AWBURST   |  out|    2|       m_axi|                                                      dataB|       pointer|
|m_axi_dataB_AWLOCK    |  out|    2|       m_axi|                                                      dataB|       pointer|
|m_axi_dataB_AWCACHE   |  out|    4|       m_axi|                                                      dataB|       pointer|
|m_axi_dataB_AWPROT    |  out|    3|       m_axi|                                                      dataB|       pointer|
|m_axi_dataB_AWQOS     |  out|    4|       m_axi|                                                      dataB|       pointer|
|m_axi_dataB_AWREGION  |  out|    4|       m_axi|                                                      dataB|       pointer|
|m_axi_dataB_AWUSER    |  out|    1|       m_axi|                                                      dataB|       pointer|
|m_axi_dataB_WVALID    |  out|    1|       m_axi|                                                      dataB|       pointer|
|m_axi_dataB_WREADY    |   in|    1|       m_axi|                                                      dataB|       pointer|
|m_axi_dataB_WDATA     |  out|   32|       m_axi|                                                      dataB|       pointer|
|m_axi_dataB_WSTRB     |  out|    4|       m_axi|                                                      dataB|       pointer|
|m_axi_dataB_WLAST     |  out|    1|       m_axi|                                                      dataB|       pointer|
|m_axi_dataB_WID       |  out|    1|       m_axi|                                                      dataB|       pointer|
|m_axi_dataB_WUSER     |  out|    1|       m_axi|                                                      dataB|       pointer|
|m_axi_dataB_ARVALID   |  out|    1|       m_axi|                                                      dataB|       pointer|
|m_axi_dataB_ARREADY   |   in|    1|       m_axi|                                                      dataB|       pointer|
|m_axi_dataB_ARADDR    |  out|   64|       m_axi|                                                      dataB|       pointer|
|m_axi_dataB_ARID      |  out|    1|       m_axi|                                                      dataB|       pointer|
|m_axi_dataB_ARLEN     |  out|   32|       m_axi|                                                      dataB|       pointer|
|m_axi_dataB_ARSIZE    |  out|    3|       m_axi|                                                      dataB|       pointer|
|m_axi_dataB_ARBURST   |  out|    2|       m_axi|                                                      dataB|       pointer|
|m_axi_dataB_ARLOCK    |  out|    2|       m_axi|                                                      dataB|       pointer|
|m_axi_dataB_ARCACHE   |  out|    4|       m_axi|                                                      dataB|       pointer|
|m_axi_dataB_ARPROT    |  out|    3|       m_axi|                                                      dataB|       pointer|
|m_axi_dataB_ARQOS     |  out|    4|       m_axi|                                                      dataB|       pointer|
|m_axi_dataB_ARREGION  |  out|    4|       m_axi|                                                      dataB|       pointer|
|m_axi_dataB_ARUSER    |  out|    1|       m_axi|                                                      dataB|       pointer|
|m_axi_dataB_RVALID    |   in|    1|       m_axi|                                                      dataB|       pointer|
|m_axi_dataB_RREADY    |  out|    1|       m_axi|                                                      dataB|       pointer|
|m_axi_dataB_RDATA     |   in|   32|       m_axi|                                                      dataB|       pointer|
|m_axi_dataB_RLAST     |   in|    1|       m_axi|                                                      dataB|       pointer|
|m_axi_dataB_RID       |   in|    1|       m_axi|                                                      dataB|       pointer|
|m_axi_dataB_RFIFONUM  |   in|    9|       m_axi|                                                      dataB|       pointer|
|m_axi_dataB_RUSER     |   in|    1|       m_axi|                                                      dataB|       pointer|
|m_axi_dataB_RRESP     |   in|    2|       m_axi|                                                      dataB|       pointer|
|m_axi_dataB_BVALID    |   in|    1|       m_axi|                                                      dataB|       pointer|
|m_axi_dataB_BREADY    |  out|    1|       m_axi|                                                      dataB|       pointer|
|m_axi_dataB_BRESP     |   in|    2|       m_axi|                                                      dataB|       pointer|
|m_axi_dataB_BID       |   in|    1|       m_axi|                                                      dataB|       pointer|
|m_axi_dataB_BUSER     |   in|    1|       m_axi|                                                      dataB|       pointer|
|sext_ln25             |   in|   62|     ap_none|                                                  sext_ln25|        scalar|
|sext_ln25_1           |   in|   62|     ap_none|                                                sext_ln25_1|        scalar|
|AB_local_address0     |  out|    4|   ap_memory|                                                   AB_local|         array|
|AB_local_ce0          |  out|    1|   ap_memory|                                                   AB_local|         array|
|AB_local_we0          |  out|    1|   ap_memory|                                                   AB_local|         array|
|AB_local_d0           |  out|   32|   ap_memory|                                                   AB_local|         array|
|B_local_address0      |  out|    4|   ap_memory|                                                    B_local|         array|
|B_local_ce0           |  out|    1|   ap_memory|                                                    B_local|         array|
|B_local_we0           |  out|    1|   ap_memory|                                                    B_local|         array|
|B_local_d0            |  out|   32|   ap_memory|                                                    B_local|         array|
|B_local_1_address0    |  out|    4|   ap_memory|                                                  B_local_1|         array|
|B_local_1_ce0         |  out|    1|   ap_memory|                                                  B_local_1|         array|
|B_local_1_we0         |  out|    1|   ap_memory|                                                  B_local_1|         array|
|B_local_1_d0          |  out|   32|   ap_memory|                                                  B_local_1|         array|
|B_local_2_address0    |  out|    4|   ap_memory|                                                  B_local_2|         array|
|B_local_2_ce0         |  out|    1|   ap_memory|                                                  B_local_2|         array|
|B_local_2_we0         |  out|    1|   ap_memory|                                                  B_local_2|         array|
|B_local_2_d0          |  out|   32|   ap_memory|                                                  B_local_2|         array|
|B_local_3_address0    |  out|    4|   ap_memory|                                                  B_local_3|         array|
|B_local_3_ce0         |  out|    1|   ap_memory|                                                  B_local_3|         array|
|B_local_3_we0         |  out|    1|   ap_memory|                                                  B_local_3|         array|
|B_local_3_d0          |  out|   32|   ap_memory|                                                  B_local_3|         array|
|B_local_4_address0    |  out|    4|   ap_memory|                                                  B_local_4|         array|
|B_local_4_ce0         |  out|    1|   ap_memory|                                                  B_local_4|         array|
|B_local_4_we0         |  out|    1|   ap_memory|                                                  B_local_4|         array|
|B_local_4_d0          |  out|   32|   ap_memory|                                                  B_local_4|         array|
|B_local_5_address0    |  out|    4|   ap_memory|                                                  B_local_5|         array|
|B_local_5_ce0         |  out|    1|   ap_memory|                                                  B_local_5|         array|
|B_local_5_we0         |  out|    1|   ap_memory|                                                  B_local_5|         array|
|B_local_5_d0          |  out|   32|   ap_memory|                                                  B_local_5|         array|
|B_local_6_address0    |  out|    4|   ap_memory|                                                  B_local_6|         array|
|B_local_6_ce0         |  out|    1|   ap_memory|                                                  B_local_6|         array|
|B_local_6_we0         |  out|    1|   ap_memory|                                                  B_local_6|         array|
|B_local_6_d0          |  out|   32|   ap_memory|                                                  B_local_6|         array|
|B_local_7_address0    |  out|    4|   ap_memory|                                                  B_local_7|         array|
|B_local_7_ce0         |  out|    1|   ap_memory|                                                  B_local_7|         array|
|B_local_7_we0         |  out|    1|   ap_memory|                                                  B_local_7|         array|
|B_local_7_d0          |  out|   32|   ap_memory|                                                  B_local_7|         array|
|B_local_8_address0    |  out|    4|   ap_memory|                                                  B_local_8|         array|
|B_local_8_ce0         |  out|    1|   ap_memory|                                                  B_local_8|         array|
|B_local_8_we0         |  out|    1|   ap_memory|                                                  B_local_8|         array|
|B_local_8_d0          |  out|   32|   ap_memory|                                                  B_local_8|         array|
|B_local_9_address0    |  out|    4|   ap_memory|                                                  B_local_9|         array|
|B_local_9_ce0         |  out|    1|   ap_memory|                                                  B_local_9|         array|
|B_local_9_we0         |  out|    1|   ap_memory|                                                  B_local_9|         array|
|B_local_9_d0          |  out|   32|   ap_memory|                                                  B_local_9|         array|
|B_local_10_address0   |  out|    4|   ap_memory|                                                 B_local_10|         array|
|B_local_10_ce0        |  out|    1|   ap_memory|                                                 B_local_10|         array|
|B_local_10_we0        |  out|    1|   ap_memory|                                                 B_local_10|         array|
|B_local_10_d0         |  out|   32|   ap_memory|                                                 B_local_10|         array|
|B_local_11_address0   |  out|    4|   ap_memory|                                                 B_local_11|         array|
|B_local_11_ce0        |  out|    1|   ap_memory|                                                 B_local_11|         array|
|B_local_11_we0        |  out|    1|   ap_memory|                                                 B_local_11|         array|
|B_local_11_d0         |  out|   32|   ap_memory|                                                 B_local_11|         array|
|B_local_12_address0   |  out|    4|   ap_memory|                                                 B_local_12|         array|
|B_local_12_ce0        |  out|    1|   ap_memory|                                                 B_local_12|         array|
|B_local_12_we0        |  out|    1|   ap_memory|                                                 B_local_12|         array|
|B_local_12_d0         |  out|   32|   ap_memory|                                                 B_local_12|         array|
|B_local_13_address0   |  out|    4|   ap_memory|                                                 B_local_13|         array|
|B_local_13_ce0        |  out|    1|   ap_memory|                                                 B_local_13|         array|
|B_local_13_we0        |  out|    1|   ap_memory|                                                 B_local_13|         array|
|B_local_13_d0         |  out|   32|   ap_memory|                                                 B_local_13|         array|
|B_local_14_address0   |  out|    4|   ap_memory|                                                 B_local_14|         array|
|B_local_14_ce0        |  out|    1|   ap_memory|                                                 B_local_14|         array|
|B_local_14_we0        |  out|    1|   ap_memory|                                                 B_local_14|         array|
|B_local_14_d0         |  out|   32|   ap_memory|                                                 B_local_14|         array|
|B_local_15_address0   |  out|    4|   ap_memory|                                                 B_local_15|         array|
|B_local_15_ce0        |  out|    1|   ap_memory|                                                 B_local_15|         array|
|B_local_15_we0        |  out|    1|   ap_memory|                                                 B_local_15|         array|
|B_local_15_d0         |  out|   32|   ap_memory|                                                 B_local_15|         array|
|A_local_address0      |  out|    4|   ap_memory|                                                    A_local|         array|
|A_local_ce0           |  out|    1|   ap_memory|                                                    A_local|         array|
|A_local_we0           |  out|    1|   ap_memory|                                                    A_local|         array|
|A_local_d0            |  out|   32|   ap_memory|                                                    A_local|         array|
|A_local_1_address0    |  out|    4|   ap_memory|                                                  A_local_1|         array|
|A_local_1_ce0         |  out|    1|   ap_memory|                                                  A_local_1|         array|
|A_local_1_we0         |  out|    1|   ap_memory|                                                  A_local_1|         array|
|A_local_1_d0          |  out|   32|   ap_memory|                                                  A_local_1|         array|
|A_local_2_address0    |  out|    4|   ap_memory|                                                  A_local_2|         array|
|A_local_2_ce0         |  out|    1|   ap_memory|                                                  A_local_2|         array|
|A_local_2_we0         |  out|    1|   ap_memory|                                                  A_local_2|         array|
|A_local_2_d0          |  out|   32|   ap_memory|                                                  A_local_2|         array|
|A_local_3_address0    |  out|    4|   ap_memory|                                                  A_local_3|         array|
|A_local_3_ce0         |  out|    1|   ap_memory|                                                  A_local_3|         array|
|A_local_3_we0         |  out|    1|   ap_memory|                                                  A_local_3|         array|
|A_local_3_d0          |  out|   32|   ap_memory|                                                  A_local_3|         array|
|A_local_4_address0    |  out|    4|   ap_memory|                                                  A_local_4|         array|
|A_local_4_ce0         |  out|    1|   ap_memory|                                                  A_local_4|         array|
|A_local_4_we0         |  out|    1|   ap_memory|                                                  A_local_4|         array|
|A_local_4_d0          |  out|   32|   ap_memory|                                                  A_local_4|         array|
|A_local_5_address0    |  out|    4|   ap_memory|                                                  A_local_5|         array|
|A_local_5_ce0         |  out|    1|   ap_memory|                                                  A_local_5|         array|
|A_local_5_we0         |  out|    1|   ap_memory|                                                  A_local_5|         array|
|A_local_5_d0          |  out|   32|   ap_memory|                                                  A_local_5|         array|
|A_local_6_address0    |  out|    4|   ap_memory|                                                  A_local_6|         array|
|A_local_6_ce0         |  out|    1|   ap_memory|                                                  A_local_6|         array|
|A_local_6_we0         |  out|    1|   ap_memory|                                                  A_local_6|         array|
|A_local_6_d0          |  out|   32|   ap_memory|                                                  A_local_6|         array|
|A_local_7_address0    |  out|    4|   ap_memory|                                                  A_local_7|         array|
|A_local_7_ce0         |  out|    1|   ap_memory|                                                  A_local_7|         array|
|A_local_7_we0         |  out|    1|   ap_memory|                                                  A_local_7|         array|
|A_local_7_d0          |  out|   32|   ap_memory|                                                  A_local_7|         array|
|A_local_8_address0    |  out|    4|   ap_memory|                                                  A_local_8|         array|
|A_local_8_ce0         |  out|    1|   ap_memory|                                                  A_local_8|         array|
|A_local_8_we0         |  out|    1|   ap_memory|                                                  A_local_8|         array|
|A_local_8_d0          |  out|   32|   ap_memory|                                                  A_local_8|         array|
|A_local_9_address0    |  out|    4|   ap_memory|                                                  A_local_9|         array|
|A_local_9_ce0         |  out|    1|   ap_memory|                                                  A_local_9|         array|
|A_local_9_we0         |  out|    1|   ap_memory|                                                  A_local_9|         array|
|A_local_9_d0          |  out|   32|   ap_memory|                                                  A_local_9|         array|
|A_local_10_address0   |  out|    4|   ap_memory|                                                 A_local_10|         array|
|A_local_10_ce0        |  out|    1|   ap_memory|                                                 A_local_10|         array|
|A_local_10_we0        |  out|    1|   ap_memory|                                                 A_local_10|         array|
|A_local_10_d0         |  out|   32|   ap_memory|                                                 A_local_10|         array|
|A_local_11_address0   |  out|    4|   ap_memory|                                                 A_local_11|         array|
|A_local_11_ce0        |  out|    1|   ap_memory|                                                 A_local_11|         array|
|A_local_11_we0        |  out|    1|   ap_memory|                                                 A_local_11|         array|
|A_local_11_d0         |  out|   32|   ap_memory|                                                 A_local_11|         array|
|A_local_12_address0   |  out|    4|   ap_memory|                                                 A_local_12|         array|
|A_local_12_ce0        |  out|    1|   ap_memory|                                                 A_local_12|         array|
|A_local_12_we0        |  out|    1|   ap_memory|                                                 A_local_12|         array|
|A_local_12_d0         |  out|   32|   ap_memory|                                                 A_local_12|         array|
|A_local_13_address0   |  out|    4|   ap_memory|                                                 A_local_13|         array|
|A_local_13_ce0        |  out|    1|   ap_memory|                                                 A_local_13|         array|
|A_local_13_we0        |  out|    1|   ap_memory|                                                 A_local_13|         array|
|A_local_13_d0         |  out|   32|   ap_memory|                                                 A_local_13|         array|
|A_local_14_address0   |  out|    4|   ap_memory|                                                 A_local_14|         array|
|A_local_14_ce0        |  out|    1|   ap_memory|                                                 A_local_14|         array|
|A_local_14_we0        |  out|    1|   ap_memory|                                                 A_local_14|         array|
|A_local_14_d0         |  out|   32|   ap_memory|                                                 A_local_14|         array|
|A_local_15_address0   |  out|    4|   ap_memory|                                                 A_local_15|         array|
|A_local_15_ce0        |  out|    1|   ap_memory|                                                 A_local_15|         array|
|A_local_15_we0        |  out|    1|   ap_memory|                                                 A_local_15|         array|
|A_local_15_d0         |  out|   32|   ap_memory|                                                 A_local_15|         array|
|AB_local_1_address0   |  out|    4|   ap_memory|                                                 AB_local_1|         array|
|AB_local_1_ce0        |  out|    1|   ap_memory|                                                 AB_local_1|         array|
|AB_local_1_we0        |  out|    1|   ap_memory|                                                 AB_local_1|         array|
|AB_local_1_d0         |  out|   32|   ap_memory|                                                 AB_local_1|         array|
|AB_local_2_address0   |  out|    4|   ap_memory|                                                 AB_local_2|         array|
|AB_local_2_ce0        |  out|    1|   ap_memory|                                                 AB_local_2|         array|
|AB_local_2_we0        |  out|    1|   ap_memory|                                                 AB_local_2|         array|
|AB_local_2_d0         |  out|   32|   ap_memory|                                                 AB_local_2|         array|
|AB_local_3_address0   |  out|    4|   ap_memory|                                                 AB_local_3|         array|
|AB_local_3_ce0        |  out|    1|   ap_memory|                                                 AB_local_3|         array|
|AB_local_3_we0        |  out|    1|   ap_memory|                                                 AB_local_3|         array|
|AB_local_3_d0         |  out|   32|   ap_memory|                                                 AB_local_3|         array|
|AB_local_4_address0   |  out|    4|   ap_memory|                                                 AB_local_4|         array|
|AB_local_4_ce0        |  out|    1|   ap_memory|                                                 AB_local_4|         array|
|AB_local_4_we0        |  out|    1|   ap_memory|                                                 AB_local_4|         array|
|AB_local_4_d0         |  out|   32|   ap_memory|                                                 AB_local_4|         array|
|AB_local_5_address0   |  out|    4|   ap_memory|                                                 AB_local_5|         array|
|AB_local_5_ce0        |  out|    1|   ap_memory|                                                 AB_local_5|         array|
|AB_local_5_we0        |  out|    1|   ap_memory|                                                 AB_local_5|         array|
|AB_local_5_d0         |  out|   32|   ap_memory|                                                 AB_local_5|         array|
|AB_local_6_address0   |  out|    4|   ap_memory|                                                 AB_local_6|         array|
|AB_local_6_ce0        |  out|    1|   ap_memory|                                                 AB_local_6|         array|
|AB_local_6_we0        |  out|    1|   ap_memory|                                                 AB_local_6|         array|
|AB_local_6_d0         |  out|   32|   ap_memory|                                                 AB_local_6|         array|
|AB_local_7_address0   |  out|    4|   ap_memory|                                                 AB_local_7|         array|
|AB_local_7_ce0        |  out|    1|   ap_memory|                                                 AB_local_7|         array|
|AB_local_7_we0        |  out|    1|   ap_memory|                                                 AB_local_7|         array|
|AB_local_7_d0         |  out|   32|   ap_memory|                                                 AB_local_7|         array|
|AB_local_8_address0   |  out|    4|   ap_memory|                                                 AB_local_8|         array|
|AB_local_8_ce0        |  out|    1|   ap_memory|                                                 AB_local_8|         array|
|AB_local_8_we0        |  out|    1|   ap_memory|                                                 AB_local_8|         array|
|AB_local_8_d0         |  out|   32|   ap_memory|                                                 AB_local_8|         array|
|AB_local_9_address0   |  out|    4|   ap_memory|                                                 AB_local_9|         array|
|AB_local_9_ce0        |  out|    1|   ap_memory|                                                 AB_local_9|         array|
|AB_local_9_we0        |  out|    1|   ap_memory|                                                 AB_local_9|         array|
|AB_local_9_d0         |  out|   32|   ap_memory|                                                 AB_local_9|         array|
|AB_local_10_address0  |  out|    4|   ap_memory|                                                AB_local_10|         array|
|AB_local_10_ce0       |  out|    1|   ap_memory|                                                AB_local_10|         array|
|AB_local_10_we0       |  out|    1|   ap_memory|                                                AB_local_10|         array|
|AB_local_10_d0        |  out|   32|   ap_memory|                                                AB_local_10|         array|
|AB_local_11_address0  |  out|    4|   ap_memory|                                                AB_local_11|         array|
|AB_local_11_ce0       |  out|    1|   ap_memory|                                                AB_local_11|         array|
|AB_local_11_we0       |  out|    1|   ap_memory|                                                AB_local_11|         array|
|AB_local_11_d0        |  out|   32|   ap_memory|                                                AB_local_11|         array|
|AB_local_12_address0  |  out|    4|   ap_memory|                                                AB_local_12|         array|
|AB_local_12_ce0       |  out|    1|   ap_memory|                                                AB_local_12|         array|
|AB_local_12_we0       |  out|    1|   ap_memory|                                                AB_local_12|         array|
|AB_local_12_d0        |  out|   32|   ap_memory|                                                AB_local_12|         array|
|AB_local_13_address0  |  out|    4|   ap_memory|                                                AB_local_13|         array|
|AB_local_13_ce0       |  out|    1|   ap_memory|                                                AB_local_13|         array|
|AB_local_13_we0       |  out|    1|   ap_memory|                                                AB_local_13|         array|
|AB_local_13_d0        |  out|   32|   ap_memory|                                                AB_local_13|         array|
|AB_local_14_address0  |  out|    4|   ap_memory|                                                AB_local_14|         array|
|AB_local_14_ce0       |  out|    1|   ap_memory|                                                AB_local_14|         array|
|AB_local_14_we0       |  out|    1|   ap_memory|                                                AB_local_14|         array|
|AB_local_14_d0        |  out|   32|   ap_memory|                                                AB_local_14|         array|
|AB_local_15_address0  |  out|    4|   ap_memory|                                                AB_local_15|         array|
|AB_local_15_ce0       |  out|    1|   ap_memory|                                                AB_local_15|         array|
|AB_local_15_we0       |  out|    1|   ap_memory|                                                AB_local_15|         array|
|AB_local_15_d0        |  out|   32|   ap_memory|                                                AB_local_15|         array|
+----------------------+-----+-----+------------+-----------------------------------------------------------+--------------+

